22:26:43 **** Incremental Build of configuration Debug for project NUCLEO-F767ZI ****
make -j12 all 
arm-none-eabi-size   NUCLEO-F767ZI.elf 
   text	   data	    bss	    dec	    hex	filename
   3584	     20	   1644	   5248	   1480	NUCLEO-F767ZI.elf
Finished building: default.size.stdout
 
22:26:48 **** Incremental Build of configuration Debug for project NUCLEO-F767ZI ****
make -j12 all 
arm-none-eabi-size   NUCLEO-F767ZI.elf 
   text	   data	    bss	    dec	    hex	filename
   3584	     20	   1644	   5248	   1480	NUCLEO-F767ZI.elf
Finished building: default.size.stdout
 
