Archive member included to satisfy reference by file (symbol)

c:/practise/programs/stm32cubeide_1.8.0/stm32cubeide/plugins/com.st.stm32cube.ide.mcu.externaltools.gnu-tools-for-stm32.9-2020-q2-update.win32_2.0.0.202105311346/tools/bin/../lib/gcc/arm-none-eabi/9.3.1/../../../../arm-none-eabi/lib/thumb/v7e-m+dp/hard\libc_nano.a(lib_a-exit.o)
                              c:/practise/programs/stm32cubeide_1.8.0/stm32cubeide/plugins/com.st.stm32cube.ide.mcu.externaltools.gnu-tools-for-stm32.9-2020-q2-update.win32_2.0.0.202105311346/tools/bin/../lib/gcc/arm-none-eabi/9.3.1/../../../../arm-none-eabi/lib/thumb/v7e-m+dp/hard/crt0.o (exit)
c:/practise/programs/stm32cubeide_1.8.0/stm32cubeide/plugins/com.st.stm32cube.ide.mcu.externaltools.gnu-tools-for-stm32.9-2020-q2-update.win32_2.0.0.202105311346/tools/bin/../lib/gcc/arm-none-eabi/9.3.1/../../../../arm-none-eabi/lib/thumb/v7e-m+dp/hard\libc_nano.a(lib_a-impure.o)
                              c:/practise/programs/stm32cubeide_1.8.0/stm32cubeide/plugins/com.st.stm32cube.ide.mcu.externaltools.gnu-tools-for-stm32.9-2020-q2-update.win32_2.0.0.202105311346/tools/bin/../lib/gcc/arm-none-eabi/9.3.1/../../../../arm-none-eabi/lib/thumb/v7e-m+dp/hard\libc_nano.a(lib_a-exit.o) (_global_impure_ptr)
c:/practise/programs/stm32cubeide_1.8.0/stm32cubeide/plugins/com.st.stm32cube.ide.mcu.externaltools.gnu-tools-for-stm32.9-2020-q2-update.win32_2.0.0.202105311346/tools/bin/../lib/gcc/arm-none-eabi/9.3.1/../../../../arm-none-eabi/lib/thumb/v7e-m+dp/hard\libc_nano.a(lib_a-init.o)
                              c:/practise/programs/stm32cubeide_1.8.0/stm32cubeide/plugins/com.st.stm32cube.ide.mcu.externaltools.gnu-tools-for-stm32.9-2020-q2-update.win32_2.0.0.202105311346/tools/bin/../lib/gcc/arm-none-eabi/9.3.1/../../../../arm-none-eabi/lib/thumb/v7e-m+dp/hard/crt0.o (__libc_init_array)
c:/practise/programs/stm32cubeide_1.8.0/stm32cubeide/plugins/com.st.stm32cube.ide.mcu.externaltools.gnu-tools-for-stm32.9-2020-q2-update.win32_2.0.0.202105311346/tools/bin/../lib/gcc/arm-none-eabi/9.3.1/../../../../arm-none-eabi/lib/thumb/v7e-m+dp/hard\libc_nano.a(lib_a-memset.o)
                              c:/practise/programs/stm32cubeide_1.8.0/stm32cubeide/plugins/com.st.stm32cube.ide.mcu.externaltools.gnu-tools-for-stm32.9-2020-q2-update.win32_2.0.0.202105311346/tools/bin/../lib/gcc/arm-none-eabi/9.3.1/../../../../arm-none-eabi/lib/thumb/v7e-m+dp/hard/crt0.o (memset)
c:/practise/programs/stm32cubeide_1.8.0/stm32cubeide/plugins/com.st.stm32cube.ide.mcu.externaltools.gnu-tools-for-stm32.9-2020-q2-update.win32_2.0.0.202105311346/tools/bin/../lib/gcc/arm-none-eabi/9.3.1/thumb/v7e-m+dp/hard\libgcc.a(_aeabi_uldivmod.o)
                              ./Drivers/STM32F7xx_HAL_Driver/Src/stm32f7xx_hal_rcc.o (__aeabi_uldivmod)
c:/practise/programs/stm32cubeide_1.8.0/stm32cubeide/plugins/com.st.stm32cube.ide.mcu.externaltools.gnu-tools-for-stm32.9-2020-q2-update.win32_2.0.0.202105311346/tools/bin/../lib/gcc/arm-none-eabi/9.3.1/thumb/v7e-m+dp/hard\libgcc.a(_udivmoddi4.o)
                              c:/practise/programs/stm32cubeide_1.8.0/stm32cubeide/plugins/com.st.stm32cube.ide.mcu.externaltools.gnu-tools-for-stm32.9-2020-q2-update.win32_2.0.0.202105311346/tools/bin/../lib/gcc/arm-none-eabi/9.3.1/thumb/v7e-m+dp/hard\libgcc.a(_aeabi_uldivmod.o) (__udivmoddi4)
c:/practise/programs/stm32cubeide_1.8.0/stm32cubeide/plugins/com.st.stm32cube.ide.mcu.externaltools.gnu-tools-for-stm32.9-2020-q2-update.win32_2.0.0.202105311346/tools/bin/../lib/gcc/arm-none-eabi/9.3.1/thumb/v7e-m+dp/hard\libgcc.a(_dvmd_tls.o)
                              c:/practise/programs/stm32cubeide_1.8.0/stm32cubeide/plugins/com.st.stm32cube.ide.mcu.externaltools.gnu-tools-for-stm32.9-2020-q2-update.win32_2.0.0.202105311346/tools/bin/../lib/gcc/arm-none-eabi/9.3.1/thumb/v7e-m+dp/hard\libgcc.a(_aeabi_uldivmod.o) (__aeabi_ldiv0)
c:/practise/programs/stm32cubeide_1.8.0/stm32cubeide/plugins/com.st.stm32cube.ide.mcu.externaltools.gnu-tools-for-stm32.9-2020-q2-update.win32_2.0.0.202105311346/tools/bin/../lib/gcc/arm-none-eabi/9.3.1/../../../../arm-none-eabi/lib/thumb/v7e-m+dp/hard\libnosys.a(_exit.o)
                              c:/practise/programs/stm32cubeide_1.8.0/stm32cubeide/plugins/com.st.stm32cube.ide.mcu.externaltools.gnu-tools-for-stm32.9-2020-q2-update.win32_2.0.0.202105311346/tools/bin/../lib/gcc/arm-none-eabi/9.3.1/../../../../arm-none-eabi/lib/thumb/v7e-m+dp/hard\libc_nano.a(lib_a-exit.o) (_exit)

Allocating common symbols
Common symbol       size              file

uwTick              0x4               ./Drivers/STM32F7xx_HAL_Driver/Src/stm32f7xx_hal.o
pFlash              0x1c              ./Drivers/STM32F7xx_HAL_Driver/Src/stm32f7xx_hal_flash.o

Discarded input sections

[...]
Memory Configuration

Name             Origin             Length             Attributes
RAM              0x0000000020000000 0x0000000000080000 xrw
FLASH            0x0000000008000000 0x0000000000200000 xr
*default*        0x0000000000000000 0xffffffffffffffff

Linker script and memory map

LOAD c:/practise/programs/stm32cubeide_1.8.0/stm32cubeide/plugins/com.st.stm32cube.ide.mcu.externaltools.gnu-tools-for-stm32.9-2020-q2-update.win32_2.0.0.202105311346/tools/bin/../lib/gcc/arm-none-eabi/9.3.1/thumb/v7e-m+dp/hard/crti.o
LOAD c:/practise/programs/stm32cubeide_1.8.0/stm32cubeide/plugins/com.st.stm32cube.ide.mcu.externaltools.gnu-tools-for-stm32.9-2020-q2-update.win32_2.0.0.202105311346/tools/bin/../lib/gcc/arm-none-eabi/9.3.1/thumb/v7e-m+dp/hard/crtbegin.o
LOAD c:/practise/programs/stm32cubeide_1.8.0/stm32cubeide/plugins/com.st.stm32cube.ide.mcu.externaltools.gnu-tools-for-stm32.9-2020-q2-update.win32_2.0.0.202105311346/tools/bin/../lib/gcc/arm-none-eabi/9.3.1/../../../../arm-none-eabi/lib/thumb/v7e-m+dp/hard/crt0.o
LOAD ./Core/Src/it.o
LOAD ./Core/Src/main.o
LOAD ./Core/Src/msp.o
LOAD ./Core/Src/system_stm32f7xx.o
LOAD ./Core/Startup/startup_stm32f767zitx.o
LOAD ./Drivers/STM32F7xx_HAL_Driver/Src/stm32f7xx_hal.o
LOAD ./Drivers/STM32F7xx_HAL_Driver/Src/stm32f7xx_hal_cortex.o
LOAD ./Drivers/STM32F7xx_HAL_Driver/Src/stm32f7xx_hal_dma.o
LOAD ./Drivers/STM32F7xx_HAL_Driver/Src/stm32f7xx_hal_dma_ex.o
LOAD ./Drivers/STM32F7xx_HAL_Driver/Src/stm32f7xx_hal_exti.o
LOAD ./Drivers/STM32F7xx_HAL_Driver/Src/stm32f7xx_hal_flash.o
LOAD ./Drivers/STM32F7xx_HAL_Driver/Src/stm32f7xx_hal_flash_ex.o
LOAD ./Drivers/STM32F7xx_HAL_Driver/Src/stm32f7xx_hal_gpio.o
LOAD ./Drivers/STM32F7xx_HAL_Driver/Src/stm32f7xx_hal_i2c.o
LOAD ./Drivers/STM32F7xx_HAL_Driver/Src/stm32f7xx_hal_i2c_ex.o
LOAD ./Drivers/STM32F7xx_HAL_Driver/Src/stm32f7xx_hal_pwr.o
LOAD ./Drivers/STM32F7xx_HAL_Driver/Src/stm32f7xx_hal_pwr_ex.o
LOAD ./Drivers/STM32F7xx_HAL_Driver/Src/stm32f7xx_hal_rcc.o
LOAD ./Drivers/STM32F7xx_HAL_Driver/Src/stm32f7xx_hal_rcc_ex.o
LOAD ./Drivers/STM32F7xx_HAL_Driver/Src/stm32f7xx_hal_tim.o
LOAD ./Drivers/STM32F7xx_HAL_Driver/Src/stm32f7xx_hal_tim_ex.o
LOAD ./Drivers/STM32F7xx_HAL_Driver/Src/stm32f7xx_hal_uart.o
LOAD ./Drivers/STM32F7xx_HAL_Driver/Src/stm32f7xx_hal_uart_ex.o
START GROUP
LOAD c:/practise/programs/stm32cubeide_1.8.0/stm32cubeide/plugins/com.st.stm32cube.ide.mcu.externaltools.gnu-tools-for-stm32.9-2020-q2-update.win32_2.0.0.202105311346/tools/bin/../lib/gcc/arm-none-eabi/9.3.1/../../../../arm-none-eabi/lib/thumb/v7e-m+dp/hard\libstdc++_nano.a
LOAD c:/practise/programs/stm32cubeide_1.8.0/stm32cubeide/plugins/com.st.stm32cube.ide.mcu.externaltools.gnu-tools-for-stm32.9-2020-q2-update.win32_2.0.0.202105311346/tools/bin/../lib/gcc/arm-none-eabi/9.3.1/../../../../arm-none-eabi/lib/thumb/v7e-m+dp/hard\libsupc++_nano.a
END GROUP
LOAD c:/practise/programs/stm32cubeide_1.8.0/stm32cubeide/plugins/com.st.stm32cube.ide.mcu.externaltools.gnu-tools-for-stm32.9-2020-q2-update.win32_2.0.0.202105311346/tools/bin/../lib/gcc/arm-none-eabi/9.3.1/../../../../arm-none-eabi/lib/thumb/v7e-m+dp/hard\libstdc++_nano.a
LOAD c:/practise/programs/stm32cubeide_1.8.0/stm32cubeide/plugins/com.st.stm32cube.ide.mcu.externaltools.gnu-tools-for-stm32.9-2020-q2-update.win32_2.0.0.202105311346/tools/bin/../lib/gcc/arm-none-eabi/9.3.1/../../../../arm-none-eabi/lib/thumb/v7e-m+dp/hard\libm.a
LOAD c:/practise/programs/stm32cubeide_1.8.0/stm32cubeide/plugins/com.st.stm32cube.ide.mcu.externaltools.gnu-tools-for-stm32.9-2020-q2-update.win32_2.0.0.202105311346/tools/bin/../lib/gcc/arm-none-eabi/9.3.1/../../../../arm-none-eabi/lib/thumb/v7e-m+dp/hard\libc_nano.a
START GROUP
LOAD c:/practise/programs/stm32cubeide_1.8.0/stm32cubeide/plugins/com.st.stm32cube.ide.mcu.externaltools.gnu-tools-for-stm32.9-2020-q2-update.win32_2.0.0.202105311346/tools/bin/../lib/gcc/arm-none-eabi/9.3.1/thumb/v7e-m+dp/hard\libgcc.a
LOAD c:/practise/programs/stm32cubeide_1.8.0/stm32cubeide/plugins/com.st.stm32cube.ide.mcu.externaltools.gnu-tools-for-stm32.9-2020-q2-update.win32_2.0.0.202105311346/tools/bin/../lib/gcc/arm-none-eabi/9.3.1/../../../../arm-none-eabi/lib/thumb/v7e-m+dp/hard\libc_nano.a
END GROUP
START GROUP
LOAD c:/practise/programs/stm32cubeide_1.8.0/stm32cubeide/plugins/com.st.stm32cube.ide.mcu.externaltools.gnu-tools-for-stm32.9-2020-q2-update.win32_2.0.0.202105311346/tools/bin/../lib/gcc/arm-none-eabi/9.3.1/thumb/v7e-m+dp/hard\libgcc.a
LOAD c:/practise/programs/stm32cubeide_1.8.0/stm32cubeide/plugins/com.st.stm32cube.ide.mcu.externaltools.gnu-tools-for-stm32.9-2020-q2-update.win32_2.0.0.202105311346/tools/bin/../lib/gcc/arm-none-eabi/9.3.1/../../../../arm-none-eabi/lib/thumb/v7e-m+dp/hard\libc_nano.a
LOAD c:/practise/programs/stm32cubeide_1.8.0/stm32cubeide/plugins/com.st.stm32cube.ide.mcu.externaltools.gnu-tools-for-stm32.9-2020-q2-update.win32_2.0.0.202105311346/tools/bin/../lib/gcc/arm-none-eabi/9.3.1/../../../../arm-none-eabi/lib/thumb/v7e-m+dp/hard\libnosys.a
END GROUP
START GROUP
LOAD c:/practise/programs/stm32cubeide_1.8.0/stm32cubeide/plugins/com.st.stm32cube.ide.mcu.externaltools.gnu-tools-for-stm32.9-2020-q2-update.win32_2.0.0.202105311346/tools/bin/../lib/gcc/arm-none-eabi/9.3.1/thumb/v7e-m+dp/hard\libgcc.a
LOAD c:/practise/programs/stm32cubeide_1.8.0/stm32cubeide/plugins/com.st.stm32cube.ide.mcu.externaltools.gnu-tools-for-stm32.9-2020-q2-update.win32_2.0.0.202105311346/tools/bin/../lib/gcc/arm-none-eabi/9.3.1/../../../../arm-none-eabi/lib/thumb/v7e-m+dp/hard\libc_nano.a
LOAD c:/practise/programs/stm32cubeide_1.8.0/stm32cubeide/plugins/com.st.stm32cube.ide.mcu.externaltools.gnu-tools-for-stm32.9-2020-q2-update.win32_2.0.0.202105311346/tools/bin/../lib/gcc/arm-none-eabi/9.3.1/../../../../arm-none-eabi/lib/thumb/v7e-m+dp/hard\libnosys.a
END GROUP
LOAD c:/practise/programs/stm32cubeide_1.8.0/stm32cubeide/plugins/com.st.stm32cube.ide.mcu.externaltools.gnu-tools-for-stm32.9-2020-q2-update.win32_2.0.0.202105311346/tools/bin/../lib/gcc/arm-none-eabi/9.3.1/thumb/v7e-m+dp/hard/crtend.o
LOAD c:/practise/programs/stm32cubeide_1.8.0/stm32cubeide/plugins/com.st.stm32cube.ide.mcu.externaltools.gnu-tools-for-stm32.9-2020-q2-update.win32_2.0.0.202105311346/tools/bin/../lib/gcc/arm-none-eabi/9.3.1/thumb/v7e-m+dp/hard/crtn.o
                0x0000000020080000                _estack = (ORIGIN (RAM) + LENGTH (RAM))
                0x0000000000000200                _Min_Heap_Size = 0x200
                0x0000000000000400                _Min_Stack_Size = 0x400

.isr_vector     0x0000000008000000      0x1f8
                0x0000000008000000                . = ALIGN (0x4)
 *(.isr_vector)
 .isr_vector    0x0000000008000000      0x1f8 ./Core/Startup/startup_stm32f767zitx.o
                0x0000000008000000                g_pfnVectors
                0x00000000080001f8                . = ALIGN (0x4)

.text           0x00000000080001f8     0x1f48
                0x00000000080001f8                . = ALIGN (0x4)
 *(.text)
 .text          0x00000000080001f8       0x40 c:/practise/programs/stm32cubeide_1.8.0/stm32cubeide/plugins/com.st.stm32cube.ide.mcu.externaltools.gnu-tools-for-stm32.9-2020-q2-update.win32_2.0.0.202105311346/tools/bin/../lib/gcc/arm-none-eabi/9.3.1/thumb/v7e-m+dp/hard/crtbegin.o
 .text          0x0000000008000238       0x30 c:/practise/programs/stm32cubeide_1.8.0/stm32cubeide/plugins/com.st.stm32cube.ide.mcu.externaltools.gnu-tools-for-stm32.9-2020-q2-update.win32_2.0.0.202105311346/tools/bin/../lib/gcc/arm-none-eabi/9.3.1/thumb/v7e-m+dp/hard\libgcc.a(_aeabi_uldivmod.o)
                0x0000000008000238                __aeabi_uldivmod
 .text          0x0000000008000268      0x2c4 c:/practise/programs/stm32cubeide_1.8.0/stm32cubeide/plugins/com.st.stm32cube.ide.mcu.externaltools.gnu-tools-for-stm32.9-2020-q2-update.win32_2.0.0.202105311346/tools/bin/../lib/gcc/arm-none-eabi/9.3.1/thumb/v7e-m+dp/hard\libgcc.a(_udivmoddi4.o)
                0x0000000008000268                __udivmoddi4
 .text          0x000000000800052c        0x4 c:/practise/programs/stm32cubeide_1.8.0/stm32cubeide/plugins/com.st.stm32cube.ide.mcu.externaltools.gnu-tools-for-stm32.9-2020-q2-update.win32_2.0.0.202105311346/tools/bin/../lib/gcc/arm-none-eabi/9.3.1/thumb/v7e-m+dp/hard\libgcc.a(_dvmd_tls.o)
                0x000000000800052c                __aeabi_idiv0
                0x000000000800052c                __aeabi_ldiv0
 *(.text*)
 .text.SysTick_Handler
                0x0000000008000530       0x10 ./Core/Src/it.o
                0x0000000008000530                SysTick_Handler
 .text.USART3_IRQHandler
                0x0000000008000540       0x14 ./Core/Src/it.o
                0x0000000008000540                USART3_IRQHandler
 .text.main     0x0000000008000554       0x12 ./Core/Src/main.o
                0x0000000008000554                main
 .text._ZL18SystemClock_Configv
                0x0000000008000566        0xe ./Core/Src/main.o
 .text._ZL10UART3_Initv
                0x0000000008000574       0x68 ./Core/Src/main.o
 .text._ZL13Error_Handlerv
                0x00000000080005dc        0x6 ./Core/Src/main.o
 *fill*         0x00000000080005e2        0x2 
 .text.HAL_MspInit
                0x00000000080005e4       0x44 ./Core/Src/msp.o
                0x00000000080005e4                HAL_MspInit
 .text.HAL_UART_MspInit
                0x0000000008000628       0x8c ./Core/Src/msp.o
                0x0000000008000628                HAL_UART_MspInit
 .text.SystemInit
                0x00000000080006b4       0x24 ./Core/Src/system_stm32f7xx.o
                0x00000000080006b4                SystemInit
 .text.Reset_Handler
                0x00000000080006d8       0x50 ./Core/Startup/startup_stm32f767zitx.o
                0x00000000080006d8                Reset_Handler
 .text.Default_Handler
                0x0000000008000728        0x2 ./Core/Startup/startup_stm32f767zitx.o
                0x0000000008000728                RTC_Alarm_IRQHandler
                0x0000000008000728                EXTI2_IRQHandler
                0x0000000008000728                TIM8_CC_IRQHandler
                0x0000000008000728                DebugMon_Handler
                0x0000000008000728                UART8_IRQHandler
                0x0000000008000728                SPI4_IRQHandler
                0x0000000008000728                TIM1_CC_IRQHandler
                0x0000000008000728                DMA2_Stream5_IRQHandler
                0x0000000008000728                HardFault_Handler
                0x0000000008000728                JPEG_IRQHandler
                0x0000000008000728                DMA1_Stream5_IRQHandler
                0x0000000008000728                CAN3_RX1_IRQHandler
                0x0000000008000728                PVD_IRQHandler
                0x0000000008000728                TAMP_STAMP_IRQHandler
                0x0000000008000728                PendSV_Handler
                0x0000000008000728                NMI_Handler
                0x0000000008000728                CAN2_RX1_IRQHandler
                0x0000000008000728                EXTI3_IRQHandler
                0x0000000008000728                TIM8_TRG_COM_TIM14_IRQHandler
                0x0000000008000728                DFSDM1_FLT1_IRQHandler
                0x0000000008000728                TIM1_UP_TIM10_IRQHandler
                0x0000000008000728                TIM8_UP_TIM13_IRQHandler
                0x0000000008000728                I2C3_ER_IRQHandler
                0x0000000008000728                DFSDM1_FLT2_IRQHandler
                0x0000000008000728                EXTI0_IRQHandler
                0x0000000008000728                I2C2_EV_IRQHandler
                0x0000000008000728                DMA1_Stream2_IRQHandler
                0x0000000008000728                CAN1_RX0_IRQHandler
                0x0000000008000728                FPU_IRQHandler
                0x0000000008000728                OTG_HS_WKUP_IRQHandler
                0x0000000008000728                CAN3_SCE_IRQHandler
                0x0000000008000728                UsageFault_Handler
                0x0000000008000728                LTDC_ER_IRQHandler
                0x0000000008000728                CAN2_SCE_IRQHandler
                0x0000000008000728                DMA2_Stream2_IRQHandler
                0x0000000008000728                SPI1_IRQHandler
                0x0000000008000728                TIM6_DAC_IRQHandler
                0x0000000008000728                TIM1_BRK_TIM9_IRQHandler
                0x0000000008000728                DCMI_IRQHandler
                0x0000000008000728                CAN2_RX0_IRQHandler
                0x0000000008000728                DMA2_Stream3_IRQHandler
                0x0000000008000728                SAI2_IRQHandler
                0x0000000008000728                DFSDM1_FLT3_IRQHandler
                0x0000000008000728                USART6_IRQHandler
                0x0000000008000728                CAN3_RX0_IRQHandler
                0x0000000008000728                CAN1_RX1_IRQHandler
                0x0000000008000728                UART5_IRQHandler
                0x0000000008000728                DMA2_Stream0_IRQHandler
                0x0000000008000728                TIM4_IRQHandler
                0x0000000008000728                QUADSPI_IRQHandler
                0x0000000008000728                I2C1_EV_IRQHandler
                0x0000000008000728                DMA1_Stream6_IRQHandler
                0x0000000008000728                DMA1_Stream1_IRQHandler
                0x0000000008000728                UART4_IRQHandler
                0x0000000008000728                TIM3_IRQHandler
                0x0000000008000728                RCC_IRQHandler
                0x0000000008000728                TIM8_BRK_TIM12_IRQHandler
                0x0000000008000728                Default_Handler
                0x0000000008000728                CEC_IRQHandler
                0x0000000008000728                EXTI15_10_IRQHandler
                0x0000000008000728                ADC_IRQHandler
                0x0000000008000728                DMA1_Stream7_IRQHandler
                0x0000000008000728                SPI5_IRQHandler
                0x0000000008000728                TIM7_IRQHandler
                0x0000000008000728                SDMMC1_IRQHandler
                0x0000000008000728                CAN2_TX_IRQHandler
                0x0000000008000728                TIM5_IRQHandler
                0x0000000008000728                DMA2_Stream7_IRQHandler
                0x0000000008000728                I2C3_EV_IRQHandler
                0x0000000008000728                EXTI9_5_IRQHandler
                0x0000000008000728                RTC_WKUP_IRQHandler
                0x0000000008000728                LTDC_IRQHandler
                0x0000000008000728                ETH_WKUP_IRQHandler
                0x0000000008000728                SPDIF_RX_IRQHandler
                0x0000000008000728                SPI2_IRQHandler
                0x0000000008000728                OTG_HS_EP1_IN_IRQHandler
                0x0000000008000728                MemManage_Handler
                0x0000000008000728                DMA1_Stream0_IRQHandler
                0x0000000008000728                CAN1_TX_IRQHandler
                0x0000000008000728                SVC_Handler
                0x0000000008000728                EXTI4_IRQHandler
                0x0000000008000728                RNG_IRQHandler
                0x0000000008000728                ETH_IRQHandler
                0x0000000008000728                OTG_HS_EP1_OUT_IRQHandler
                0x0000000008000728                WWDG_IRQHandler
                0x0000000008000728                SPI6_IRQHandler
                0x0000000008000728                MDIOS_IRQHandler
                0x0000000008000728                I2C4_EV_IRQHandler
                0x0000000008000728                CAN3_TX_IRQHandler
                0x0000000008000728                TIM2_IRQHandler
                0x0000000008000728                OTG_FS_WKUP_IRQHandler
                0x0000000008000728                TIM1_TRG_COM_TIM11_IRQHandler
                0x0000000008000728                OTG_HS_IRQHandler
                0x0000000008000728                DMA2D_IRQHandler
                0x0000000008000728                EXTI1_IRQHandler
                0x0000000008000728                SDMMC2_IRQHandler
                0x0000000008000728                UART7_IRQHandler
                0x0000000008000728                USART2_IRQHandler
                0x0000000008000728                DFSDM1_FLT0_IRQHandler
                0x0000000008000728                I2C2_ER_IRQHandler
                0x0000000008000728                DMA2_Stream1_IRQHandler
                0x0000000008000728                CAN1_SCE_IRQHandler
                0x0000000008000728                FLASH_IRQHandler
                0x0000000008000728                DMA2_Stream4_IRQHandler
                0x0000000008000728                BusFault_Handler
                0x0000000008000728                USART1_IRQHandler
                0x0000000008000728                OTG_FS_IRQHandler
                0x0000000008000728                SPI3_IRQHandler
                0x0000000008000728                DMA1_Stream4_IRQHandler
                0x0000000008000728                I2C1_ER_IRQHandler
                0x0000000008000728                FMC_IRQHandler
                0x0000000008000728                LPTIM1_IRQHandler
                0x0000000008000728                I2C4_ER_IRQHandler
                0x0000000008000728                DMA2_Stream6_IRQHandler
                0x0000000008000728                SAI1_IRQHandler
                0x0000000008000728                DMA1_Stream3_IRQHandler
 .text.HAL_Init
                0x000000000800072a       0x1a ./Drivers/STM32F7xx_HAL_Driver/Src/stm32f7xx_hal.o
                0x000000000800072a                HAL_Init
 .text.HAL_InitTick
                0x0000000008000744       0x60 ./Drivers/STM32F7xx_HAL_Driver/Src/stm32f7xx_hal.o
                0x0000000008000744                HAL_InitTick
 .text.HAL_IncTick
                0x00000000080007a4       0x28 ./Drivers/STM32F7xx_HAL_Driver/Src/stm32f7xx_hal.o
                0x00000000080007a4                HAL_IncTick
 .text.HAL_GetTick
                0x00000000080007cc       0x18 ./Drivers/STM32F7xx_HAL_Driver/Src/stm32f7xx_hal.o
                0x00000000080007cc                HAL_GetTick
 .text.__NVIC_SetPriorityGrouping
                0x00000000080007e4       0x48 ./Drivers/STM32F7xx_HAL_Driver/Src/stm32f7xx_hal_cortex.o
 .text.__NVIC_GetPriorityGrouping
                0x000000000800082c       0x1c ./Drivers/STM32F7xx_HAL_Driver/Src/stm32f7xx_hal_cortex.o
 .text.__NVIC_EnableIRQ
                0x0000000008000848       0x3c ./Drivers/STM32F7xx_HAL_Driver/Src/stm32f7xx_hal_cortex.o
 .text.__NVIC_SetPriority
                0x0000000008000884       0x54 ./Drivers/STM32F7xx_HAL_Driver/Src/stm32f7xx_hal_cortex.o
 .text.NVIC_EncodePriority
                0x00000000080008d8       0x66 ./Drivers/STM32F7xx_HAL_Driver/Src/stm32f7xx_hal_cortex.o
 *fill*         0x000000000800093e        0x2 
 .text.SysTick_Config
                0x0000000008000940       0x44 ./Drivers/STM32F7xx_HAL_Driver/Src/stm32f7xx_hal_cortex.o
 .text.HAL_NVIC_SetPriorityGrouping
                0x0000000008000984       0x16 ./Drivers/STM32F7xx_HAL_Driver/Src/stm32f7xx_hal_cortex.o
                0x0000000008000984                HAL_NVIC_SetPriorityGrouping
 .text.HAL_NVIC_SetPriority
                0x000000000800099a       0x38 ./Drivers/STM32F7xx_HAL_Driver/Src/stm32f7xx_hal_cortex.o
                0x000000000800099a                HAL_NVIC_SetPriority
 .text.HAL_NVIC_EnableIRQ
                0x00000000080009d2       0x1c ./Drivers/STM32F7xx_HAL_Driver/Src/stm32f7xx_hal_cortex.o
                0x00000000080009d2                HAL_NVIC_EnableIRQ
 .text.HAL_SYSTICK_Config
                0x00000000080009ee       0x18 ./Drivers/STM32F7xx_HAL_Driver/Src/stm32f7xx_hal_cortex.o
                0x00000000080009ee                HAL_SYSTICK_Config
 .text.HAL_SYSTICK_IRQHandler
                0x0000000008000a06        0xc ./Drivers/STM32F7xx_HAL_Driver/Src/stm32f7xx_hal_cortex.o
                0x0000000008000a06                HAL_SYSTICK_IRQHandler
 .text.HAL_SYSTICK_Callback
                0x0000000008000a12        0xe ./Drivers/STM32F7xx_HAL_Driver/Src/stm32f7xx_hal_cortex.o
                0x0000000008000a12                HAL_SYSTICK_Callback
 .text.HAL_DMA_Abort
                0x0000000008000a20       0xe0 ./Drivers/STM32F7xx_HAL_Driver/Src/stm32f7xx_hal_dma.o
                0x0000000008000a20                HAL_DMA_Abort
 .text.HAL_DMA_Abort_IT
                0x0000000008000b00       0x44 ./Drivers/STM32F7xx_HAL_Driver/Src/stm32f7xx_hal_dma.o
                0x0000000008000b00                HAL_DMA_Abort_IT
 .text.HAL_GPIO_Init
                0x0000000008000b44      0x358 ./Drivers/STM32F7xx_HAL_Driver/Src/stm32f7xx_hal_gpio.o
                0x0000000008000b44                HAL_GPIO_Init
 .text.HAL_RCC_GetSysClockFreq
                0x0000000008000e9c      0x1c4 ./Drivers/STM32F7xx_HAL_Driver/Src/stm32f7xx_hal_rcc.o
                0x0000000008000e9c                HAL_RCC_GetSysClockFreq
 .text.HAL_RCC_GetHCLKFreq
                0x0000000008001060       0x18 ./Drivers/STM32F7xx_HAL_Driver/Src/stm32f7xx_hal_rcc.o
                0x0000000008001060                HAL_RCC_GetHCLKFreq
 .text.HAL_RCC_GetPCLK1Freq
                0x0000000008001078       0x28 ./Drivers/STM32F7xx_HAL_Driver/Src/stm32f7xx_hal_rcc.o
                0x0000000008001078                HAL_RCC_GetPCLK1Freq
 .text.HAL_RCC_GetPCLK2Freq
                0x00000000080010a0       0x28 ./Drivers/STM32F7xx_HAL_Driver/Src/stm32f7xx_hal_rcc.o
                0x00000000080010a0                HAL_RCC_GetPCLK2Freq
 .text.HAL_UART_Init
                0x00000000080010c8       0x9c ./Drivers/STM32F7xx_HAL_Driver/Src/stm32f7xx_hal_uart.o
                0x00000000080010c8                HAL_UART_Init
 .text.HAL_UART_IRQHandler
                0x0000000008001164      0x5c0 ./Drivers/STM32F7xx_HAL_Driver/Src/stm32f7xx_hal_uart.o
                0x0000000008001164                HAL_UART_IRQHandler
 .text.HAL_UART_TxCpltCallback
                0x0000000008001724       0x14 ./Drivers/STM32F7xx_HAL_Driver/Src/stm32f7xx_hal_uart.o
                0x0000000008001724                HAL_UART_TxCpltCallback
 .text.HAL_UART_ErrorCallback
                0x0000000008001738       0x14 ./Drivers/STM32F7xx_HAL_Driver/Src/stm32f7xx_hal_uart.o
                0x0000000008001738                HAL_UART_ErrorCallback
 .text.HAL_UARTEx_RxEventCallback
                0x000000000800174c       0x18 ./Drivers/STM32F7xx_HAL_Driver/Src/stm32f7xx_hal_uart.o
                0x000000000800174c                HAL_UARTEx_RxEventCallback
 .text.HAL_UARTEx_WakeupCallback
                0x0000000008001764       0x14 ./Drivers/STM32F7xx_HAL_Driver/Src/stm32f7xx_hal_uart.o
                0x0000000008001764                HAL_UARTEx_WakeupCallback
 .text.UART_SetConfig
                0x0000000008001778      0x4c4 ./Drivers/STM32F7xx_HAL_Driver/Src/stm32f7xx_hal_uart.o
                0x0000000008001778                UART_SetConfig
 .text.UART_AdvFeatureConfig
                0x0000000008001c3c      0x144 ./Drivers/STM32F7xx_HAL_Driver/Src/stm32f7xx_hal_uart.o
                0x0000000008001c3c                UART_AdvFeatureConfig
 .text.UART_CheckIdleState
                0x0000000008001d80       0x92 ./Drivers/STM32F7xx_HAL_Driver/Src/stm32f7xx_hal_uart.o
                0x0000000008001d80                UART_CheckIdleState
 .text.UART_WaitOnFlagUntilTimeout
                0x0000000008001e12      0x188 ./Drivers/STM32F7xx_HAL_Driver/Src/stm32f7xx_hal_uart.o
                0x0000000008001e12                UART_WaitOnFlagUntilTimeout
 .text.UART_EndRxTransfer
                0x0000000008001f9a       0xc6 ./Drivers/STM32F7xx_HAL_Driver/Src/stm32f7xx_hal_uart.o
 .text.UART_DMAAbortOnError
                0x0000000008002060       0x2c ./Drivers/STM32F7xx_HAL_Driver/Src/stm32f7xx_hal_uart.o
 .text.UART_EndTransmit_IT
                0x000000000800208c       0x54 ./Drivers/STM32F7xx_HAL_Driver/Src/stm32f7xx_hal_uart.o
 .text.__libc_init_array
                0x00000000080020e0       0x48 c:/practise/programs/stm32cubeide_1.8.0/stm32cubeide/plugins/com.st.stm32cube.ide.mcu.externaltools.gnu-tools-for-stm32.9-2020-q2-update.win32_2.0.0.202105311346/tools/bin/../lib/gcc/arm-none-eabi/9.3.1/../../../../arm-none-eabi/lib/thumb/v7e-m+dp/hard\libc_nano.a(lib_a-init.o)
                0x00000000080020e0                __libc_init_array
 *(.glue_7)
 .glue_7        0x0000000008002128        0x0 linker stubs
 *(.glue_7t)
 .glue_7t       0x0000000008002128        0x0 linker stubs
 *(.eh_frame)
 .eh_frame      0x0000000008002128        0x0 c:/practise/programs/stm32cubeide_1.8.0/stm32cubeide/plugins/com.st.stm32cube.ide.mcu.externaltools.gnu-tools-for-stm32.9-2020-q2-update.win32_2.0.0.202105311346/tools/bin/../lib/gcc/arm-none-eabi/9.3.1/thumb/v7e-m+dp/hard/crtbegin.o
 *(.init)
 .init          0x0000000008002128        0x4 c:/practise/programs/stm32cubeide_1.8.0/stm32cubeide/plugins/com.st.stm32cube.ide.mcu.externaltools.gnu-tools-for-stm32.9-2020-q2-update.win32_2.0.0.202105311346/tools/bin/../lib/gcc/arm-none-eabi/9.3.1/thumb/v7e-m+dp/hard/crti.o
                0x0000000008002128                _init
 .init          0x000000000800212c        0x8 c:/practise/programs/stm32cubeide_1.8.0/stm32cubeide/plugins/com.st.stm32cube.ide.mcu.externaltools.gnu-tools-for-stm32.9-2020-q2-update.win32_2.0.0.202105311346/tools/bin/../lib/gcc/arm-none-eabi/9.3.1/thumb/v7e-m+dp/hard/crtn.o
 *(.fini)
 .fini          0x0000000008002134        0x4 c:/practise/programs/stm32cubeide_1.8.0/stm32cubeide/plugins/com.st.stm32cube.ide.mcu.externaltools.gnu-tools-for-stm32.9-2020-q2-update.win32_2.0.0.202105311346/tools/bin/../lib/gcc/arm-none-eabi/9.3.1/thumb/v7e-m+dp/hard/crti.o
                0x0000000008002134                _fini
 .fini          0x0000000008002138        0x8 c:/practise/programs/stm32cubeide_1.8.0/stm32cubeide/plugins/com.st.stm32cube.ide.mcu.externaltools.gnu-tools-for-stm32.9-2020-q2-update.win32_2.0.0.202105311346/tools/bin/../lib/gcc/arm-none-eabi/9.3.1/thumb/v7e-m+dp/hard/crtn.o
                0x0000000008002140                . = ALIGN (0x4)
                0x0000000008002140                _etext = .

.vfp11_veneer   0x0000000008002140        0x0
 .vfp11_veneer  0x0000000008002140        0x0 linker stubs

.v4_bx          0x0000000008002140        0x0
 .v4_bx         0x0000000008002140        0x0 linker stubs

.iplt           0x0000000008002140        0x0
 .iplt          0x0000000008002140        0x0 c:/practise/programs/stm32cubeide_1.8.0/stm32cubeide/plugins/com.st.stm32cube.ide.mcu.externaltools.gnu-tools-for-stm32.9-2020-q2-update.win32_2.0.0.202105311346/tools/bin/../lib/gcc/arm-none-eabi/9.3.1/thumb/v7e-m+dp/hard/crtbegin.o

.rodata         0x0000000008002140        0x8
                0x0000000008002140                . = ALIGN (0x4)
 *(.rodata)
 *(.rodata*)
 .rodata.APBPrescTable
                0x0000000008002140        0x8 ./Core/Src/system_stm32f7xx.o
                0x0000000008002140                APBPrescTable
                0x0000000008002148                . = ALIGN (0x4)

.ARM.extab      0x0000000008002148        0x0
                0x0000000008002148                . = ALIGN (0x4)
 *(.ARM.extab* .gnu.linkonce.armextab.*)
                0x0000000008002148                . = ALIGN (0x4)

.ARM            0x0000000008002148        0x8
                0x0000000008002148                . = ALIGN (0x4)
                0x0000000008002148                __exidx_start = .
 *(.ARM.exidx*)
 .ARM.exidx     0x0000000008002148        0x8 c:/practise/programs/stm32cubeide_1.8.0/stm32cubeide/plugins/com.st.stm32cube.ide.mcu.externaltools.gnu-tools-for-stm32.9-2020-q2-update.win32_2.0.0.202105311346/tools/bin/../lib/gcc/arm-none-eabi/9.3.1/thumb/v7e-m+dp/hard\libgcc.a(_udivmoddi4.o)
                0x0000000008002150                __exidx_end = .
                0x0000000008002150                . = ALIGN (0x4)

.rel.dyn        0x0000000008002150        0x0
 .rel.iplt      0x0000000008002150        0x0 c:/practise/programs/stm32cubeide_1.8.0/stm32cubeide/plugins/com.st.stm32cube.ide.mcu.externaltools.gnu-tools-for-stm32.9-2020-q2-update.win32_2.0.0.202105311346/tools/bin/../lib/gcc/arm-none-eabi/9.3.1/thumb/v7e-m+dp/hard/crtbegin.o

.preinit_array  0x0000000008002150        0x0
                0x0000000008002150                . = ALIGN (0x4)
                0x0000000008002150                PROVIDE (__preinit_array_start = .)
 *(.preinit_array*)
                0x0000000008002150                PROVIDE (__preinit_array_end = .)
                0x0000000008002150                . = ALIGN (0x4)

.init_array     0x0000000008002150        0x4
                0x0000000008002150                . = ALIGN (0x4)
                0x0000000008002150                PROVIDE (__init_array_start = .)
 *(SORT_BY_NAME(.init_array.*))
 *(.init_array*)
 .init_array    0x0000000008002150        0x4 c:/practise/programs/stm32cubeide_1.8.0/stm32cubeide/plugins/com.st.stm32cube.ide.mcu.externaltools.gnu-tools-for-stm32.9-2020-q2-update.win32_2.0.0.202105311346/tools/bin/../lib/gcc/arm-none-eabi/9.3.1/thumb/v7e-m+dp/hard/crtbegin.o
                0x0000000008002154                PROVIDE (__init_array_end = .)
                0x0000000008002154                . = ALIGN (0x4)

.fini_array     0x0000000008002154        0x4
                0x0000000008002154                . = ALIGN (0x4)
                [!provide]                        PROVIDE (__fini_array_start = .)
 *(SORT_BY_NAME(.fini_array.*))
 *(.fini_array*)
 .fini_array    0x0000000008002154        0x4 c:/practise/programs/stm32cubeide_1.8.0/stm32cubeide/plugins/com.st.stm32cube.ide.mcu.externaltools.gnu-tools-for-stm32.9-2020-q2-update.win32_2.0.0.202105311346/tools/bin/../lib/gcc/arm-none-eabi/9.3.1/thumb/v7e-m+dp/hard/crtbegin.o
                [!provide]                        PROVIDE (__fini_array_end = .)
                0x0000000008002158                . = ALIGN (0x4)
                0x0000000008002158                _sidata = LOADADDR (.data)

.data           0x0000000020000000        0xc load address 0x0000000008002158
                0x0000000020000000                . = ALIGN (0x4)
                0x0000000020000000                _sdata = .
 *(.data)
 *(.data*)
 .data.SystemCoreClock
                0x0000000020000000        0x4 ./Core/Src/system_stm32f7xx.o
                0x0000000020000000                SystemCoreClock
 .data.uwTickPrio
                0x0000000020000004        0x4 ./Drivers/STM32F7xx_HAL_Driver/Src/stm32f7xx_hal.o
                0x0000000020000004                uwTickPrio
 .data.uwTickFreq
                0x0000000020000008        0x1 ./Drivers/STM32F7xx_HAL_Driver/Src/stm32f7xx_hal.o
                0x0000000020000008                uwTickFreq
 *(.RamFunc)
 *(.RamFunc*)
                0x000000002000000c                . = ALIGN (0x4)
 *fill*         0x0000000020000009        0x3 
                0x000000002000000c                _edata = .

.igot.plt       0x000000002000000c        0x0 load address 0x0000000008002164
 .igot.plt      0x000000002000000c        0x0 c:/practise/programs/stm32cubeide_1.8.0/stm32cubeide/plugins/com.st.stm32cube.ide.mcu.externaltools.gnu-tools-for-stm32.9-2020-q2-update.win32_2.0.0.202105311346/tools/bin/../lib/gcc/arm-none-eabi/9.3.1/thumb/v7e-m+dp/hard/crtbegin.o
                0x000000002000000c                . = ALIGN (0x4)

.bss            0x000000002000000c       0xa4 load address 0x0000000008002164
                0x000000002000000c                _sbss = .
                0x000000002000000c                __bss_start__ = _sbss
 *(.bss)
 .bss           0x000000002000000c       0x1c c:/practise/programs/stm32cubeide_1.8.0/stm32cubeide/plugins/com.st.stm32cube.ide.mcu.externaltools.gnu-tools-for-stm32.9-2020-q2-update.win32_2.0.0.202105311346/tools/bin/../lib/gcc/arm-none-eabi/9.3.1/thumb/v7e-m+dp/hard/crtbegin.o
 *(.bss*)
 .bss.huart3    0x0000000020000028       0x84 ./Core/Src/main.o
                0x0000000020000028                huart3
 *(COMMON)
 COMMON         0x00000000200000ac        0x4 ./Drivers/STM32F7xx_HAL_Driver/Src/stm32f7xx_hal.o
                0x00000000200000ac                uwTick
                0x00000000200000b0                . = ALIGN (0x4)
                0x00000000200000b0                _ebss = .
                0x00000000200000b0                __bss_end__ = _ebss

._user_heap_stack
                0x00000000200000b0      0x600 load address 0x0000000008002164
                0x00000000200000b0                . = ALIGN (0x8)
                [!provide]                        PROVIDE (end = .)
                [!provide]                        PROVIDE (_end = .)
                0x00000000200002b0                . = (. + _Min_Heap_Size)
 *fill*         0x00000000200000b0      0x200 
                0x00000000200006b0                . = (. + _Min_Stack_Size)
 *fill*         0x00000000200002b0      0x400 
                0x00000000200006b0                . = ALIGN (0x8)

/DISCARD/
 libc.a(*)
 libm.a(*)
 libgcc.a(*)

.ARM.attributes
                0x0000000000000000       0x2e
 *(.ARM.attributes)
 .ARM.attributes
                0x0000000000000000       0x1e c:/practise/programs/stm32cubeide_1.8.0/stm32cubeide/plugins/com.st.stm32cube.ide.mcu.externaltools.gnu-tools-for-stm32.9-2020-q2-update.win32_2.0.0.202105311346/tools/bin/../lib/gcc/arm-none-eabi/9.3.1/thumb/v7e-m+dp/hard/crti.o
 .ARM.attributes
                0x000000000000001e       0x32 c:/practise/programs/stm32cubeide_1.8.0/stm32cubeide/plugins/com.st.stm32cube.ide.mcu.externaltools.gnu-tools-for-stm32.9-2020-q2-update.win32_2.0.0.202105311346/tools/bin/../lib/gcc/arm-none-eabi/9.3.1/thumb/v7e-m+dp/hard/crtbegin.o
 .ARM.attributes
                0x0000000000000050       0x32 ./Core/Src/it.o
 .ARM.attributes
                0x0000000000000082       0x32 ./Core/Src/main.o
 .ARM.attributes
                0x00000000000000b4       0x32 ./Core/Src/msp.o
 .ARM.attributes
                0x00000000000000e6       0x32 ./Core/Src/system_stm32f7xx.o
 .ARM.attributes
                0x0000000000000118       0x21 ./Core/Startup/startup_stm32f767zitx.o
 .ARM.attributes
                0x0000000000000139       0x32 ./Drivers/STM32F7xx_HAL_Driver/Src/stm32f7xx_hal.o
 .ARM.attributes
                0x000000000000016b       0x32 ./Drivers/STM32F7xx_HAL_Driver/Src/stm32f7xx_hal_cortex.o
 .ARM.attributes
                0x000000000000019d       0x32 ./Drivers/STM32F7xx_HAL_Driver/Src/stm32f7xx_hal_dma.o
 .ARM.attributes
                0x00000000000001cf       0x32 ./Drivers/STM32F7xx_HAL_Driver/Src/stm32f7xx_hal_gpio.o
 .ARM.attributes
                0x0000000000000201       0x32 ./Drivers/STM32F7xx_HAL_Driver/Src/stm32f7xx_hal_rcc.o
 .ARM.attributes
                0x0000000000000233       0x32 ./Drivers/STM32F7xx_HAL_Driver/Src/stm32f7xx_hal_uart.o
 .ARM.attributes
                0x0000000000000265       0x32 c:/practise/programs/stm32cubeide_1.8.0/stm32cubeide/plugins/com.st.stm32cube.ide.mcu.externaltools.gnu-tools-for-stm32.9-2020-q2-update.win32_2.0.0.202105311346/tools/bin/../lib/gcc/arm-none-eabi/9.3.1/../../../../arm-none-eabi/lib/thumb/v7e-m+dp/hard\libc_nano.a(lib_a-init.o)
 .ARM.attributes
                0x0000000000000297       0x1e c:/practise/programs/stm32cubeide_1.8.0/stm32cubeide/plugins/com.st.stm32cube.ide.mcu.externaltools.gnu-tools-for-stm32.9-2020-q2-update.win32_2.0.0.202105311346/tools/bin/../lib/gcc/arm-none-eabi/9.3.1/thumb/v7e-m+dp/hard\libgcc.a(_aeabi_uldivmod.o)
 .ARM.attributes
                0x00000000000002b5       0x32 c:/practise/programs/stm32cubeide_1.8.0/stm32cubeide/plugins/com.st.stm32cube.ide.mcu.externaltools.gnu-tools-for-stm32.9-2020-q2-update.win32_2.0.0.202105311346/tools/bin/../lib/gcc/arm-none-eabi/9.3.1/thumb/v7e-m+dp/hard\libgcc.a(_udivmoddi4.o)
 .ARM.attributes
                0x00000000000002e7       0x1e c:/practise/programs/stm32cubeide_1.8.0/stm32cubeide/plugins/com.st.stm32cube.ide.mcu.externaltools.gnu-tools-for-stm32.9-2020-q2-update.win32_2.0.0.202105311346/tools/bin/../lib/gcc/arm-none-eabi/9.3.1/thumb/v7e-m+dp/hard\libgcc.a(_dvmd_tls.o)
 .ARM.attributes
                0x0000000000000305       0x1e c:/practise/programs/stm32cubeide_1.8.0/stm32cubeide/plugins/com.st.stm32cube.ide.mcu.externaltools.gnu-tools-for-stm32.9-2020-q2-update.win32_2.0.0.202105311346/tools/bin/../lib/gcc/arm-none-eabi/9.3.1/thumb/v7e-m+dp/hard/crtn.o
OUTPUT(NUCLEO-F767ZI.elf elf32-littlearm)
LOAD linker stubs
LOAD c:/practise/programs/stm32cubeide_1.8.0/stm32cubeide/plugins/com.st.stm32cube.ide.mcu.externaltools.gnu-tools-for-stm32.9-2020-q2-update.win32_2.0.0.202105311346/tools/bin/../lib/gcc/arm-none-eabi/9.3.1/../../../../arm-none-eabi/lib/thumb/v7e-m+dp/hard\libc.a
LOAD c:/practise/programs/stm32cubeide_1.8.0/stm32cubeide/plugins/com.st.stm32cube.ide.mcu.externaltools.gnu-tools-for-stm32.9-2020-q2-update.win32_2.0.0.202105311346/tools/bin/../lib/gcc/arm-none-eabi/9.3.1/../../../../arm-none-eabi/lib/thumb/v7e-m+dp/hard\libm.a
LOAD c:/practise/programs/stm32cubeide_1.8.0/stm32cubeide/plugins/com.st.stm32cube.ide.mcu.externaltools.gnu-tools-for-stm32.9-2020-q2-update.win32_2.0.0.202105311346/tools/bin/../lib/gcc/arm-none-eabi/9.3.1/thumb/v7e-m+dp/hard\libgcc.a

.debug_info     0x0000000000000000     0xab59
 .debug_info    0x0000000000000000      0x794 ./Core/Src/it.o
 .debug_info    0x0000000000000794     0x14f0 ./Core/Src/main.o
 .debug_info    0x0000000000001c84     0x116b ./Core/Src/msp.o
 .debug_info    0x0000000000002def      0x7ad ./Core/Src/system_stm32f7xx.o
 .debug_info    0x000000000000359c       0x22 ./Core/Startup/startup_stm32f767zitx.o
 .debug_info    0x00000000000035be      0xab8 ./Drivers/STM32F7xx_HAL_Driver/Src/stm32f7xx_hal.o
 .debug_info    0x0000000000004076     0x1158 ./Drivers/STM32F7xx_HAL_Driver/Src/stm32f7xx_hal_cortex.o
 .debug_info    0x00000000000051ce      0x9f1 ./Drivers/STM32F7xx_HAL_Driver/Src/stm32f7xx_hal_dma.o
 .debug_info    0x0000000000005bbf      0x876 ./Drivers/STM32F7xx_HAL_Driver/Src/stm32f7xx_hal_gpio.o
 .debug_info    0x0000000000006435      0xa28 ./Drivers/STM32F7xx_HAL_Driver/Src/stm32f7xx_hal_rcc.o
 .debug_info    0x0000000000006e5d     0x3cfc ./Drivers/STM32F7xx_HAL_Driver/Src/stm32f7xx_hal_uart.o

.debug_abbrev   0x0000000000000000     0x15f9
 .debug_abbrev  0x0000000000000000      0x152 ./Core/Src/it.o
 .debug_abbrev  0x0000000000000152      0x290 ./Core/Src/main.o
 .debug_abbrev  0x00000000000003e2      0x1de ./Core/Src/msp.o
 .debug_abbrev  0x00000000000005c0      0x165 ./Core/Src/system_stm32f7xx.o
 .debug_abbrev  0x0000000000000725       0x12 ./Core/Startup/startup_stm32f767zitx.o
 .debug_abbrev  0x0000000000000737      0x1ed ./Drivers/STM32F7xx_HAL_Driver/Src/stm32f7xx_hal.o
 .debug_abbrev  0x0000000000000924      0x33c ./Drivers/STM32F7xx_HAL_Driver/Src/stm32f7xx_hal_cortex.o
 .debug_abbrev  0x0000000000000c60      0x259 ./Drivers/STM32F7xx_HAL_Driver/Src/stm32f7xx_hal_dma.o
 .debug_abbrev  0x0000000000000eb9      0x1f1 ./Drivers/STM32F7xx_HAL_Driver/Src/stm32f7xx_hal_gpio.o
 .debug_abbrev  0x00000000000010aa      0x29c ./Drivers/STM32F7xx_HAL_Driver/Src/stm32f7xx_hal_rcc.o
 .debug_abbrev  0x0000000000001346      0x2b3 ./Drivers/STM32F7xx_HAL_Driver/Src/stm32f7xx_hal_uart.o

.debug_aranges  0x0000000000000000      0x6a0
 .debug_aranges
                0x0000000000000000       0x28 ./Core/Src/it.o
 .debug_aranges
                0x0000000000000028       0x38 ./Core/Src/main.o
 .debug_aranges
                0x0000000000000060       0x28 ./Core/Src/msp.o
 .debug_aranges
                0x0000000000000088       0x28 ./Core/Src/system_stm32f7xx.o
 .debug_aranges
                0x00000000000000b0       0x28 ./Core/Startup/startup_stm32f767zitx.o
 .debug_aranges
                0x00000000000000d8      0x110 ./Drivers/STM32F7xx_HAL_Driver/Src/stm32f7xx_hal.o
 .debug_aranges
                0x00000000000001e8      0x118 ./Drivers/STM32F7xx_HAL_Driver/Src/stm32f7xx_hal_cortex.o
 .debug_aranges
                0x0000000000000300       0x90 ./Drivers/STM32F7xx_HAL_Driver/Src/stm32f7xx_hal_dma.o
 .debug_aranges
                0x0000000000000390       0x58 ./Drivers/STM32F7xx_HAL_Driver/Src/stm32f7xx_hal_gpio.o
 .debug_aranges
                0x00000000000003e8       0x88 ./Drivers/STM32F7xx_HAL_Driver/Src/stm32f7xx_hal_rcc.o
 .debug_aranges
                0x0000000000000470      0x230 ./Drivers/STM32F7xx_HAL_Driver/Src/stm32f7xx_hal_uart.o

.debug_ranges   0x0000000000000000      0x628
 .debug_ranges  0x0000000000000000       0x18 ./Core/Src/it.o
 .debug_ranges  0x0000000000000018       0x28 ./Core/Src/main.o
 .debug_ranges  0x0000000000000040       0x18 ./Core/Src/msp.o
 .debug_ranges  0x0000000000000058       0x18 ./Core/Src/system_stm32f7xx.o
 .debug_ranges  0x0000000000000070       0x20 ./Core/Startup/startup_stm32f767zitx.o
 .debug_ranges  0x0000000000000090      0x100 ./Drivers/STM32F7xx_HAL_Driver/Src/stm32f7xx_hal.o
 .debug_ranges  0x0000000000000190      0x108 ./Drivers/STM32F7xx_HAL_Driver/Src/stm32f7xx_hal_cortex.o
 .debug_ranges  0x0000000000000298       0x80 ./Drivers/STM32F7xx_HAL_Driver/Src/stm32f7xx_hal_dma.o
 .debug_ranges  0x0000000000000318       0x48 ./Drivers/STM32F7xx_HAL_Driver/Src/stm32f7xx_hal_gpio.o
 .debug_ranges  0x0000000000000360       0x78 ./Drivers/STM32F7xx_HAL_Driver/Src/stm32f7xx_hal_rcc.o
 .debug_ranges  0x00000000000003d8      0x250 ./Drivers/STM32F7xx_HAL_Driver/Src/stm32f7xx_hal_uart.o

.debug_macro    0x0000000000000000    0x28b80
 .debug_macro   0x0000000000000000      0x1de ./Core/Src/it.o
 .debug_macro   0x00000000000001de      0xb9e ./Core/Src/it.o
 .debug_macro   0x0000000000000d7c      0x28d ./Core/Src/it.o
 .debug_macro   0x0000000000001009       0x2e ./Core/Src/it.o
 .debug_macro   0x0000000000001037       0x3b ./Core/Src/it.o
 .debug_macro   0x0000000000001072       0x1c ./Core/Src/it.o
 .debug_macro   0x000000000000108e       0x22 ./Core/Src/it.o
 .debug_macro   0x00000000000010b0       0x8e ./Core/Src/it.o
 .debug_macro   0x000000000000113e       0x51 ./Core/Src/it.o
 .debug_macro   0x000000000000118f      0x103 ./Core/Src/it.o
 .debug_macro   0x0000000000001292       0x6a ./Core/Src/it.o
 .debug_macro   0x00000000000012fc      0x1df ./Core/Src/it.o
 .debug_macro   0x00000000000014db       0x1c ./Core/Src/it.o
 .debug_macro   0x00000000000014f7       0x22 ./Core/Src/it.o
 .debug_macro   0x0000000000001519       0xdf ./Core/Src/it.o
 .debug_macro   0x00000000000015f8     0x12cd ./Core/Src/it.o
 .debug_macro   0x00000000000028c5      0x11f ./Core/Src/it.o
 .debug_macro   0x00000000000029e4       0x19 ./Core/Src/it.o
 .debug_macro   0x00000000000029fd    0x1a9dd ./Core/Src/it.o
 .debug_macro   0x000000000001d3da       0x6d ./Core/Src/it.o
 .debug_macro   0x000000000001d447     0x3714 ./Core/Src/it.o
 .debug_macro   0x0000000000020b5b      0x17b ./Core/Src/it.o
 .debug_macro   0x0000000000020cd6       0x63 ./Core/Src/it.o
 .debug_macro   0x0000000000020d39     0x1add ./Core/Src/it.o
 .debug_macro   0x0000000000022816      0x6c4 ./Core/Src/it.o
 .debug_macro   0x0000000000022eda      0x18b ./Core/Src/it.o
 .debug_macro   0x0000000000023065      0x115 ./Core/Src/it.o
 .debug_macro   0x000000000002317a      0x26e ./Core/Src/it.o
 .debug_macro   0x00000000000233e8       0xa5 ./Core/Src/it.o
 .debug_macro   0x000000000002348d      0x24f ./Core/Src/it.o
 .debug_macro   0x00000000000236dc       0x71 ./Core/Src/it.o
 .debug_macro   0x000000000002374d       0x58 ./Core/Src/it.o
 .debug_macro   0x00000000000237a5      0x236 ./Core/Src/it.o
 .debug_macro   0x00000000000239db      0x14e ./Core/Src/it.o
 .debug_macro   0x0000000000023b29      0x3db ./Core/Src/it.o
 .debug_macro   0x0000000000023f04       0x12 ./Core/Src/it.o
 .debug_macro   0x0000000000023f16      0x22c ./Core/Src/it.o
 .debug_macro   0x0000000000024142       0x61 ./Core/Src/it.o
 .debug_macro   0x00000000000241a3       0xa5 ./Core/Src/it.o
 .debug_macro   0x0000000000024248      0x12e ./Core/Src/it.o
 .debug_macro   0x0000000000024376      0x108 ./Core/Src/it.o
 .debug_macro   0x000000000002447e       0x35 ./Core/Src/it.o
 .debug_macro   0x00000000000244b3      0x5a5 ./Core/Src/it.o
 .debug_macro   0x0000000000024a58       0x44 ./Core/Src/it.o
 .debug_macro   0x0000000000024a9c      0x15b ./Core/Src/it.o
 .debug_macro   0x0000000000024bf7      0x2e2 ./Core/Src/main.o
 .debug_macro   0x0000000000024ed9      0x17c ./Core/Src/main.o
 .debug_macro   0x0000000000025055       0x10 ./Core/Src/main.o
 .debug_macro   0x0000000000025065      0x41e ./Core/Src/main.o
 .debug_macro   0x0000000000025483       0x52 ./Core/Src/main.o
 .debug_macro   0x00000000000254d5       0x17 ./Core/Src/main.o
 .debug_macro   0x00000000000254ec       0x3c ./Core/Src/main.o
 .debug_macro   0x0000000000025528       0x34 ./Core/Src/main.o
 .debug_macro   0x000000000002555c       0x16 ./Core/Src/main.o
 .debug_macro   0x0000000000025572       0x43 ./Core/Src/main.o
 .debug_macro   0x00000000000255b5       0x34 ./Core/Src/main.o
 .debug_macro   0x00000000000255e9       0x10 ./Core/Src/main.o
 .debug_macro   0x00000000000255f9       0x58 ./Core/Src/main.o
 .debug_macro   0x0000000000025651       0x71 ./Core/Src/main.o
 .debug_macro   0x00000000000256c2       0x16 ./Core/Src/main.o
 .debug_macro   0x00000000000256d8      0x12a ./Core/Src/main.o
 .debug_macro   0x0000000000025802      0x35c ./Core/Src/main.o
 .debug_macro   0x0000000000025b5e       0x10 ./Core/Src/main.o
 .debug_macro   0x0000000000025b6e       0x35 ./Core/Src/main.o
 .debug_macro   0x0000000000025ba3       0x20 ./Core/Src/main.o
 .debug_macro   0x0000000000025bc3       0x8e ./Core/Src/main.o
 .debug_macro   0x0000000000025c51       0xd9 ./Core/Src/main.o
 .debug_macro   0x0000000000025d2a       0x5d ./Core/Src/main.o
 .debug_macro   0x0000000000025d87      0x1de ./Core/Src/msp.o
 .debug_macro   0x0000000000025f65      0x1cf ./Core/Src/system_stm32f7xx.o
 .debug_macro   0x0000000000026134      0xac0 ./Core/Src/system_stm32f7xx.o
 .debug_macro   0x0000000000026bf4     0x12cd ./Core/Src/system_stm32f7xx.o
 .debug_macro   0x0000000000027ec1      0x174 ./Core/Src/system_stm32f7xx.o
 .debug_macro   0x0000000000028035      0x1f3 ./Drivers/STM32F7xx_HAL_Driver/Src/stm32f7xx_hal.o
 .debug_macro   0x0000000000028228      0x1cf ./Drivers/STM32F7xx_HAL_Driver/Src/stm32f7xx_hal_cortex.o
 .debug_macro   0x00000000000283f7      0x1d5 ./Drivers/STM32F7xx_HAL_Driver/Src/stm32f7xx_hal_dma.o
 .debug_macro   0x00000000000285cc      0x1d5 ./Drivers/STM32F7xx_HAL_Driver/Src/stm32f7xx_hal_gpio.o
 .debug_macro   0x00000000000287a1      0x1f3 ./Drivers/STM32F7xx_HAL_Driver/Src/stm32f7xx_hal_rcc.o
 .debug_macro   0x0000000000028994      0x1ec ./Drivers/STM32F7xx_HAL_Driver/Src/stm32f7xx_hal_uart.o

.debug_line     0x0000000000000000     0x9620
 .debug_line    0x0000000000000000      0x737 ./Core/Src/it.o
 .debug_line    0x0000000000000737      0xc05 ./Core/Src/main.o
 .debug_line    0x000000000000133c      0x757 ./Core/Src/msp.o
 .debug_line    0x0000000000001a93      0x7ab ./Core/Src/system_stm32f7xx.o
 .debug_line    0x000000000000223e       0x88 ./Core/Startup/startup_stm32f767zitx.o
 .debug_line    0x00000000000022c6      0xa6c ./Drivers/STM32F7xx_HAL_Driver/Src/stm32f7xx_hal.o
 .debug_line    0x0000000000002d32      0xcc2 ./Drivers/STM32F7xx_HAL_Driver/Src/stm32f7xx_hal_cortex.o
 .debug_line    0x00000000000039f4      0xf89 ./Drivers/STM32F7xx_HAL_Driver/Src/stm32f7xx_hal_dma.o
 .debug_line    0x000000000000497d      0xbb0 ./Drivers/STM32F7xx_HAL_Driver/Src/stm32f7xx_hal_gpio.o
 .debug_line    0x000000000000552d      0xeae ./Drivers/STM32F7xx_HAL_Driver/Src/stm32f7xx_hal_rcc.o
 .debug_line    0x00000000000063db     0x3245 ./Drivers/STM32F7xx_HAL_Driver/Src/stm32f7xx_hal_uart.o

.debug_str      0x0000000000000000    0xf1d88
 .debug_str     0x0000000000000000    0xeae21 ./Core/Src/it.o
                                      0xeb5d4 (size before relaxing)
 .debug_str     0x00000000000eae21     0x4c0a ./Core/Src/main.o
                                      0xf0372 (size before relaxing)
 .debug_str     0x00000000000efa2b      0x916 ./Core/Src/msp.o
                                      0xebf0c (size before relaxing)
 .debug_str     0x00000000000f0341      0x212 ./Core/Src/system_stm32f7xx.o
                                      0xeae8f (size before relaxing)
 .debug_str     0x00000000000f0553       0x36 ./Core/Startup/startup_stm32f767zitx.o
                                         0x74 (size before relaxing)
 .debug_str     0x00000000000f0589      0x3b5 ./Drivers/STM32F7xx_HAL_Driver/Src/stm32f7xx_hal.o
                                      0xeb82d (size before relaxing)
 .debug_str     0x00000000000f093e      0x385 ./Drivers/STM32F7xx_HAL_Driver/Src/stm32f7xx_hal_cortex.o
                                      0xeb899 (size before relaxing)
 .debug_str     0x00000000000f0cc3      0x32d ./Drivers/STM32F7xx_HAL_Driver/Src/stm32f7xx_hal_dma.o
                                      0xeb1de (size before relaxing)
 .debug_str     0x00000000000f0ff0      0x15f ./Drivers/STM32F7xx_HAL_Driver/Src/stm32f7xx_hal_gpio.o
                                      0xeaf79 (size before relaxing)
 .debug_str     0x00000000000f114f      0x39d ./Drivers/STM32F7xx_HAL_Driver/Src/stm32f7xx_hal_rcc.o
                                      0xeb1d8 (size before relaxing)
 .debug_str     0x00000000000f14ec      0x89c ./Drivers/STM32F7xx_HAL_Driver/Src/stm32f7xx_hal_uart.o
                                      0xebacd (size before relaxing)

.comment        0x0000000000000000       0x53
 .comment       0x0000000000000000       0x53 ./Core/Src/it.o
                                         0x54 (size before relaxing)
 .comment       0x0000000000000053       0x54 ./Core/Src/main.o
 .comment       0x0000000000000053       0x54 ./Core/Src/msp.o
 .comment       0x0000000000000053       0x54 ./Core/Src/system_stm32f7xx.o
 .comment       0x0000000000000053       0x54 ./Drivers/STM32F7xx_HAL_Driver/Src/stm32f7xx_hal.o
 .comment       0x0000000000000053       0x54 ./Drivers/STM32F7xx_HAL_Driver/Src/stm32f7xx_hal_cortex.o
 .comment       0x0000000000000053       0x54 ./Drivers/STM32F7xx_HAL_Driver/Src/stm32f7xx_hal_dma.o
 .comment       0x0000000000000053       0x54 ./Drivers/STM32F7xx_HAL_Driver/Src/stm32f7xx_hal_gpio.o
 .comment       0x0000000000000053       0x54 ./Drivers/STM32F7xx_HAL_Driver/Src/stm32f7xx_hal_rcc.o
 .comment       0x0000000000000053       0x54 ./Drivers/STM32F7xx_HAL_Driver/Src/stm32f7xx_hal_uart.o

.debug_frame    0x0000000000000000     0x1a28
 .debug_frame   0x0000000000000000       0x48 ./Core/Src/it.o
 .debug_frame   0x0000000000000048       0x80 ./Core/Src/main.o
 .debug_frame   0x00000000000000c8       0x50 ./Core/Src/msp.o
 .debug_frame   0x0000000000000118       0x58 ./Core/Src/system_stm32f7xx.o
 .debug_frame   0x0000000000000170      0x3f4 ./Drivers/STM32F7xx_HAL_Driver/Src/stm32f7xx_hal.o
 .debug_frame   0x0000000000000564      0x498 ./Drivers/STM32F7xx_HAL_Driver/Src/stm32f7xx_hal_cortex.o
 .debug_frame   0x00000000000009fc      0x250 ./Drivers/STM32F7xx_HAL_Driver/Src/stm32f7xx_hal_dma.o
 .debug_frame   0x0000000000000c4c      0x14c ./Drivers/STM32F7xx_HAL_Driver/Src/stm32f7xx_hal_gpio.o
 .debug_frame   0x0000000000000d98      0x1f4 ./Drivers/STM32F7xx_HAL_Driver/Src/stm32f7xx_hal_rcc.o
 .debug_frame   0x0000000000000f8c      0xa10 ./Drivers/STM32F7xx_HAL_Driver/Src/stm32f7xx_hal_uart.o
 .debug_frame   0x000000000000199c       0x2c c:/practise/programs/stm32cubeide_1.8.0/stm32cubeide/plugins/com.st.stm32cube.ide.mcu.externaltools.gnu-tools-for-stm32.9-2020-q2-update.win32_2.0.0.202105311346/tools/bin/../lib/gcc/arm-none-eabi/9.3.1/../../../../arm-none-eabi/lib/thumb/v7e-m+dp/hard\libc_nano.a(lib_a-init.o)
 .debug_frame   0x00000000000019c8       0x2c c:/practise/programs/stm32cubeide_1.8.0/stm32cubeide/plugins/com.st.stm32cube.ide.mcu.externaltools.gnu-tools-for-stm32.9-2020-q2-update.win32_2.0.0.202105311346/tools/bin/../lib/gcc/arm-none-eabi/9.3.1/thumb/v7e-m+dp/hard\libgcc.a(_aeabi_uldivmod.o)
 .debug_frame   0x00000000000019f4       0x34 c:/practise/programs/stm32cubeide_1.8.0/stm32cubeide/plugins/com.st.stm32cube.ide.mcu.externaltools.gnu-tools-for-stm32.9-2020-q2-update.win32_2.0.0.202105311346/tools/bin/../lib/gcc/arm-none-eabi/9.3.1/thumb/v7e-m+dp/hard\libgcc.a(_udivmoddi4.o)
